============================= test session starts =============================
platform win32 -- Python 3.12.5, pytest-8.3.5, pluggy-1.6.0
benchmark: 4.0.0 (defaults: timer=time.perf_counter disable_gc=False min_rounds=5 min_time=0.000005 max_time=1.0 calibration_precision=10 warmup=False warmup_iterations=100000)
Using --randomly-seed=1743324338
rootdir: c:\taly\ai-system
configfile: pytest.ini
testpaths: tests
plugins: anyio-4.9.0, langsmith-0.3.45, asyncio-0.23.8, benchmark-4.0.0, clarity-1.0.1, cov-6.1.1, forked-1.6.0, mock-3.14.0, randomly-3.15.0, timeout-2.3.1, xdist-3.7.0
asyncio: mode=Mode.STRICT
collected 806 items

tests\unit\core\test_generate_briefing_comprehensive.py ...............